
 /----------------------------------------------------------------------------\
 |  yosys -- Yosys Open SYnthesis Suite                                       |
 |  Copyright (C) 2012 - 2026  Claire Xenia Wolf <claire@yosyshq.com>         |
 |  Distributed under an ISC-like license, type "license" to see terms        |
 \----------------------------------------------------------------------------/
 Yosys 0.68 (git sha1 38e001a6f, Release, Clang /workspace/YoWASP/yosys/wasi-sdk-33.0-x86_64-linux/share/cmake/../..//bin/clang++ 22.1.0)

-- Running command `read_verilog synth/quartet_sky130.v; hierarchy -check -top quartet_round_logic; proc; opt; techmap; opt; stat' --

1. Executing Verilog-2005 frontend: synth/quartet_sky130.v
Parsing Verilog input from `synth/quartet_sky130.v' to AST representation.
Generating RTLIL representation for module `\sbox4_logic'.
Generating RTLIL representation for module `\fullmix'.
Generating RTLIL representation for module `\quartet_round_logic'.
Generating RTLIL representation for module `\quartet_enc_unrolled_logic'.
Generating RTLIL representation for module `\quartet_iter_logic'.
Successfully finished Verilog frontend.

2. Executing HIERARCHY pass (managing design hierarchy).

2.1. Analyzing design hierarchy..
Top module:  \quartet_round_logic
Used module:     \fullmix
Used module:     \sbox4_logic

2.2. Analyzing design hierarchy..
Top module:  \quartet_round_logic
Used module:     \fullmix
Used module:     \sbox4_logic
Removing unused module `\quartet_iter_logic'.
Removing unused module `\quartet_enc_unrolled_logic'.
Removed 2 unused modules.

3. Executing PROC pass (convert processes to netlists).

3.1. Executing PROC_CLEAN pass (remove empty switches from decision trees).
Cleaned up 0 empty switches.

3.2. Executing PROC_RMDEAD pass (remove dead branches from decision trees).
Removed a total of 0 dead cases.

3.3. Executing PROC_PRUNE pass (remove redundant assignments in processes).
Removed 0 redundant assignments.
Promoted 0 assignments to connections.

3.4. Executing PROC_INIT pass (extract init attributes).

3.5. Executing PROC_ARST pass (detect async resets in processes).

3.6. Executing PROC_ROM pass (convert switches to ROMs).
Converted 0 switches.

3.7. Executing PROC_MUX pass (convert decision trees to multiplexers).

3.8. Executing PROC_DLATCH pass (convert process syncs to latches).

3.9. Executing PROC_DFF pass (convert process syncs to FFs).

3.10. Executing PROC_MEMWR pass (convert process memory writes to cells).

3.11. Executing PROC_CLEAN pass (remove empty switches from decision trees).
Cleaned up 0 empty switches.

3.12. Executing OPT_EXPR pass (perform const folding).
Optimizing module quartet_round_logic.
Optimizing module fullmix.
Optimizing module sbox4_logic.
<suppressed ~2 debug messages>

4. Executing OPT pass (performing simple optimizations).

4.1. Executing OPT_EXPR pass (perform const folding).
Optimizing module quartet_round_logic.
Optimizing module fullmix.
Optimizing module sbox4_logic.

4.2. Executing OPT_MERGE pass (detect identical cells).
Finding identical cells in module `\quartet_round_logic'.
Computing hashes of 9 cells of `\quartet_round_logic'.
Finding duplicate cells in `\quartet_round_logic'.
Finding identical cells in module `\fullmix'.
Computing hashes of 8 cells of `\fullmix'.
Finding duplicate cells in `\fullmix'.
Finding identical cells in module `\sbox4_logic'.
Computing hashes of 32 cells of `\sbox4_logic'.
Finding duplicate cells in `\sbox4_logic'.
Removed a total of 0 cells.

4.3. Executing OPT_MUXTREE pass (detect dead branches in mux trees).
Running muxtree optimizer on module \quartet_round_logic..
  Creating internal representation of mux trees.
  No muxes found in this module.
Running muxtree optimizer on module \fullmix..
  Creating internal representation of mux trees.
  No muxes found in this module.
Running muxtree optimizer on module \sbox4_logic..
  Creating internal representation of mux trees.
  No muxes found in this module.
Removed 0 multiplexer ports.

4.4. Executing OPT_REDUCE pass (consolidate $*mux and $reduce_* inputs).
  Optimizing cells in module \quartet_round_logic.
  Optimizing cells in module \fullmix.
  Optimizing cells in module \sbox4_logic.
Performed a total of 0 changes.

4.5. Executing OPT_MERGE pass (detect identical cells).
Finding identical cells in module `\quartet_round_logic'.
Computing hashes of 9 cells of `\quartet_round_logic'.
Finding duplicate cells in `\quartet_round_logic'.
Finding identical cells in module `\fullmix'.
Computing hashes of 8 cells of `\fullmix'.
Finding duplicate cells in `\fullmix'.
Finding identical cells in module `\sbox4_logic'.
Computing hashes of 32 cells of `\sbox4_logic'.
Finding duplicate cells in `\sbox4_logic'.
Removed a total of 0 cells.

4.6. Executing OPT_DFF pass (perform DFF optimizations).

4.7. Executing OPT_CLEAN pass (remove unused cells and wires).
Finding unused cells or wires in module \quartet_round_logic..
Finding unused cells or wires in module \fullmix..
Finding unused cells or wires in module \sbox4_logic..
Removed 0 unused cells and 23 unused wires.
<suppressed ~3 debug messages>

4.8. Executing OPT_EXPR pass (perform const folding).
Optimizing module quartet_round_logic.
Optimizing module fullmix.
Optimizing module sbox4_logic.

4.9. Rerunning OPT passes. (Maybe there is more to do..)

4.10. Executing OPT_MUXTREE pass (detect dead branches in mux trees).
Running muxtree optimizer on module \quartet_round_logic..
  Creating internal representation of mux trees.
  No muxes found in this module.
Running muxtree optimizer on module \fullmix..
  Creating internal representation of mux trees.
  No muxes found in this module.
Running muxtree optimizer on module \sbox4_logic..
  Creating internal representation of mux trees.
  No muxes found in this module.
Removed 0 multiplexer ports.

4.11. Executing OPT_REDUCE pass (consolidate $*mux and $reduce_* inputs).
  Optimizing cells in module \quartet_round_logic.
  Optimizing cells in module \fullmix.
  Optimizing cells in module \sbox4_logic.
Performed a total of 0 changes.

4.12. Executing OPT_MERGE pass (detect identical cells).
Finding identical cells in module `\quartet_round_logic'.
Computing hashes of 9 cells of `\quartet_round_logic'.
Finding duplicate cells in `\quartet_round_logic'.
Finding identical cells in module `\fullmix'.
Computing hashes of 8 cells of `\fullmix'.
Finding duplicate cells in `\fullmix'.
Finding identical cells in module `\sbox4_logic'.
Computing hashes of 32 cells of `\sbox4_logic'.
Finding duplicate cells in `\sbox4_logic'.
Removed a total of 0 cells.

4.13. Executing OPT_DFF pass (perform DFF optimizations).

4.14. Executing OPT_CLEAN pass (remove unused cells and wires).
Finding unused cells or wires in module \quartet_round_logic..
Finding unused cells or wires in module \fullmix..
Finding unused cells or wires in module \sbox4_logic..

4.15. Executing OPT_EXPR pass (perform const folding).
Optimizing module quartet_round_logic.
Optimizing module fullmix.
Optimizing module sbox4_logic.

4.16. Finished fast OPT passes. (There is nothing left to do.)

5. Executing TECHMAP pass (map to technology primitives).

5.1. Executing Verilog-2005 frontend: /share/techmap.v
Parsing Verilog input from `/share/techmap.v' to AST representation.
Generating RTLIL representation for module `\_90_simplemap_bool_ops'.
Generating RTLIL representation for module `\_90_simplemap_reduce_ops'.
Generating RTLIL representation for module `\_90_simplemap_logic_ops'.
Generating RTLIL representation for module `\_90_simplemap_compare_ops'.
Generating RTLIL representation for module `\_90_simplemap_various'.
Generating RTLIL representation for module `\_90_simplemap_registers'.
Generating RTLIL representation for module `\_90_shift_ops_shr_shl_sshl_sshr'.
Generating RTLIL representation for module `\_90_shift_shiftx'.
Generating RTLIL representation for module `\_90_fa'.
Generating RTLIL representation for module `\_90_lcu_brent_kung'.
Generating RTLIL representation for module `\_90_alu'.
Generating RTLIL representation for module `\_90_macc'.
Generating RTLIL representation for module `\_90_alumacc'.
Generating RTLIL representation for module `$__div_mod_u'.
Generating RTLIL representation for module `$__div_mod_trunc'.
Generating RTLIL representation for module `\_90_div'.
Generating RTLIL representation for module `\_90_mod'.
Generating RTLIL representation for module `$__div_mod_floor'.
Generating RTLIL representation for module `\_90_divfloor'.
Generating RTLIL representation for module `\_90_modfloor'.
Generating RTLIL representation for module `\_90_pow'.
Generating RTLIL representation for module `\_90_demux'.
Generating RTLIL representation for module `\_90_lut'.
Generating RTLIL representation for module `$connect'.
Generating RTLIL representation for module `$input_port'.
Successfully finished Verilog frontend.

5.2. Continuing TECHMAP pass.
Using extmapper simplemap for cells of type $not.
Using extmapper simplemap for cells of type $and.
Using extmapper simplemap for cells of type $xor.
No more expansions possible.
<suppressed ~121 debug messages>

6. Executing OPT pass (performing simple optimizations).

6.1. Executing OPT_EXPR pass (perform const folding).
Optimizing module quartet_round_logic.
Optimizing module fullmix.
Optimizing module sbox4_logic.

6.2. Executing OPT_MERGE pass (detect identical cells).
Finding identical cells in module `\quartet_round_logic'.
Computing hashes of 21 cells of `\quartet_round_logic'.
Finding duplicate cells in `\quartet_round_logic'.
Finding identical cells in module `\fullmix'.
Computing hashes of 32 cells of `\fullmix'.
Finding duplicate cells in `\fullmix'.
Finding identical cells in module `\sbox4_logic'.
Computing hashes of 32 cells of `\sbox4_logic'.
Finding duplicate cells in `\sbox4_logic'.
Removed a total of 0 cells.

6.3. Executing OPT_MUXTREE pass (detect dead branches in mux trees).
Running muxtree optimizer on module \quartet_round_logic..
  Creating internal representation of mux trees.
  No muxes found in this module.
Running muxtree optimizer on module \fullmix..
  Creating internal representation of mux trees.
  No muxes found in this module.
Running muxtree optimizer on module \sbox4_logic..
  Creating internal representation of mux trees.
  No muxes found in this module.
Removed 0 multiplexer ports.

6.4. Executing OPT_REDUCE pass (consolidate $*mux and $reduce_* inputs).
  Optimizing cells in module \quartet_round_logic.
  Optimizing cells in module \fullmix.
  Optimizing cells in module \sbox4_logic.
Performed a total of 0 changes.

6.5. Executing OPT_MERGE pass (detect identical cells).
Finding identical cells in module `\quartet_round_logic'.
Computing hashes of 21 cells of `\quartet_round_logic'.
Finding duplicate cells in `\quartet_round_logic'.
Finding identical cells in module `\fullmix'.
Computing hashes of 32 cells of `\fullmix'.
Finding duplicate cells in `\fullmix'.
Finding identical cells in module `\sbox4_logic'.
Computing hashes of 32 cells of `\sbox4_logic'.
Finding duplicate cells in `\sbox4_logic'.
Removed a total of 0 cells.

6.6. Executing OPT_DFF pass (perform DFF optimizations).

6.7. Executing OPT_CLEAN pass (remove unused cells and wires).
Finding unused cells or wires in module \quartet_round_logic..
Finding unused cells or wires in module \fullmix..
Finding unused cells or wires in module \sbox4_logic..

6.8. Executing OPT_EXPR pass (perform const folding).
Optimizing module quartet_round_logic.
Optimizing module fullmix.
Optimizing module sbox4_logic.

6.9. Finished fast OPT passes. (There is nothing left to do.)

7. Printing statistics.

=== quartet_round_logic ===

        +----------Local Count, excluding submodules.
        | 
        8 wires
       68 wire bits
        8 public wires
       68 public wire bits
        3 ports
       36 port bits
       16 cells
       16   $_XOR_
        5 submodules
        1   fullmix
        4   sbox4_logic

=== fullmix ===

        +----------Local Count, excluding submodules.
        | 
       10 wires
       64 wire bits
        6 public wires
       48 public wire bits
        2 ports
       32 port bits
       32 cells
       32   $_XOR_

=== sbox4_logic ===

        +----------Local Count, excluding submodules.
        | 
       34 wires
       40 wire bits
       15 public wires
       21 public wire bits
        2 ports
        8 port bits
       32 cells
        9   $_AND_
        2   $_NOT_
       21   $_XOR_

=== design hierarchy ===

        +----------Count including submodules.
        | 
      176 quartet_round_logic
       32 fullmix
       32 sbox4_logic

        +----------Count including submodules.
        | 
      154 wires
      292 wire bits
       74 public wires
      200 public wire bits
       13 ports
      100 port bits
        - memories
        - memory bits
        - processes
      176 cells
       36   $_AND_
        8   $_NOT_
      132   $_XOR_
        5 submodules
        1   fullmix
        4   sbox4_logic

End of script. Logfile hash: 0e7adacb8a, time: 0.04s, user: 0.05s, system: 0.00s
Yosys 0.68 (git sha1 38e001a6f, Release, Clang /workspace/YoWASP/yosys/wasi-sdk-33.0-x86_64-linux/share/cmake/../..//bin/clang++ 22.1.0)
Time spent: 60% 3x read_verilog (0 sec), 9% 6x opt_expr (0 sec), ...
